%!Adobe-FontList 1.16
%Locale:0x409

%BeginFont
Handler:DirectoryHandler
FontType:Suitcase
FontName:DTLHaarlemmerSansSD-Italic
OutlineFileName:\DTLHaarlemmerSansSD-Italic.bmap
ResourceID:15226
MacStyle:0
FileLength:33181
FileModTime:941800620
%EndFont

%BeginFont
Handler:DirectoryHandler
FontType:Suitcase
FontName:DTLHaarlemmerSansSD
OutlineFileName:\DTLHaarlemmerSansSD.bmap
ResourceID:15215
MacStyle:0
FileLength:32494
FileModTime:941800620
%EndFont

%BeginFont
Handler:DirectoryHandler
FontType:Type1
FontName:DTLHaarlemmerSansSD
FamilyName:DTL Haarlemmer Sans SD
StyleName:Regular
MenuName:DTLHaarlemmerSansSD
StyleBits:0
WeightClass:400
WidthClass:5
AngleClass:0
FullName:DTLHaarlemmerSansSD
WritingScript:Roman
OutlineFileName:\DTLHaaSanSD
DataFormat:POSTResource
UsesStandardEncoding:yes
isCFF:no
FileLength:37447
FileModTime:941800620
DesignSize:-1
%EndFont

%BeginFont
Handler:DirectoryHandler
FontType:Type1
FontName:DTLHaarlemmerSansSD-Italic
FamilyName:DTLHaarlemmerSansSD
StyleName:Italic
MenuName:DTLHaarlemmerSansSD-Italic
StyleBits:1
WeightClass:400
WidthClass:5
AngleClass:1
FullName:DTLHaarlemmerSansSD-Italic
WritingScript:Roman
OutlineFileName:\DTLHaaSanSDIta
DataFormat:POSTResource
UsesStandardEncoding:yes
isCFF:no
FileLength:38649
FileModTime:941800620
DesignSize:-1
%EndFont

%BeginFont
Handler:DirectoryHandler
FontType:Type1
FontName:FontAwesome
FamilyName:FontAwesome
StyleName:Regular
MenuName:FontAwesome
StyleBits:0
WeightClass:400
WidthClass:5
AngleClass:0
FullName:FontAwesome
WritingScript:Roman
OutlineFileName:\FontAwesome.otf
DataFormat:sfntData
UsesStandardEncoding:yes
isCFF:yes
FileLength:93888
FileModTime:1427706538
NameArray:0,Mac,4,FontAwesome
NameArray:0,Win,1,FontAwesome
%EndFont

%BeginFont
Handler:DirectoryHandler
FontType:Type1
FontName:Knockout-HTF49-Liteweight
FamilyName:Knockout
StyleName:HTF49 Liteweight
MenuName:Knockout-HTF49-Liteweight
StyleBits:0
WeightClass:400
WidthClass:5
AngleClass:0
FullName:Knockout-HTF49-Liteweight
WritingScript:Roman
OutlineFileName:\KnockHTF49Lit
DataFormat:POSTResource
UsesStandardEncoding:no
isCFF:no
FileLength:34911
FileModTime:884005776
DesignSize:-1
%EndFont

%BeginFont
Handler:DirectoryHandler
FontType:Suitcase
FontName:Knockout-HTF49-Liteweight
OutlineFileName:\Knockout HTF49 Liteweight
ResourceID:4169
MacStyle:0
FileLength:12380
FileModTime:1067249562
%EndFont

%BeginFont
Handler:DirectoryHandler
FontType:Type1
FontName:MinionPro-Regular
FamilyName:Minion Pro
StyleName:Regular
MenuName:Minion Pro
StyleBits:0
WeightClass:400
WidthClass:5
AngleClass:0
FullName:Minion Pro
WritingScript:Roman
OutlineFileName:\MinionPro-Regular.otf
DataFormat:sfntData
UsesStandardEncoding:yes
isCFF:yes
FileLength:231312
FileModTime:1303730590
DesignSize:110
NameArray:0,Mac,4,Minion Pro
NameArray:0,Win,1,Minion Pro
%EndFont

%BeginFont
Handler:DirectoryHandler
FontType:Type1
FontName:SofiaProLight
FamilyName:Sofia Pro
StyleName:Light
MenuName:Sofia Pro Light
StyleBits:0
WeightClass:400
WidthClass:5
AngleClass:0
FullName:Sofia Pro Light
WritingScript:Roman
OutlineFileName:\SofiaProLight.otf
DataFormat:sfntData
UsesStandardEncoding:yes
isCFF:yes
FileLength:89320
FileModTime:1444996880
NameArray:0,Mac,4,Sofia Pro Light
NameArray:0,Win,1,Sofia Pro Light
NameArray:0,Win,16,Sofia Pro
%EndFont

